2024-08-04 05:03:08,053 - INFO - Pool de conexiones creado exitosamente.
2024-08-04 05:03:33,032 - INFO - Pool de conexiones creado exitosamente.
2024-08-04 05:03:33,610 - INFO - Consulta de puntos de venta exitosa.
2024-08-04 06:32:03,743 - INFO - Pool de conexiones creado exitosamente.
2024-08-04 06:32:04,044 - INFO - Consulta de puntos de venta exitosa.
2024-08-04 06:32:31,358 - INFO - Pool de conexiones creado exitosamente.
2024-08-04 06:32:31,358 - INFO - Conexión obtenida exitosamente del pool.
2024-08-04 06:33:30,283 - INFO - Pool de conexiones creado exitosamente.
2024-08-04 06:33:30,832 - INFO - Conexión obtenida exitosamente del pool.
2024-08-04 06:33:30,832 - INFO - Conexión obtenida exitosamente del pool.
2024-08-04 06:33:30,856 - INFO - Punto de venta 19 registrado exitosamente.
2024-08-04 06:33:55,397 - INFO - Pool de conexiones creado exitosamente.
2024-08-04 06:33:55,397 - INFO - Conexión obtenida exitosamente del pool.
2024-08-04 06:34:19,262 - INFO - Pool de conexiones creado exitosamente.
2024-08-04 06:34:39,713 - INFO - Pool de conexiones creado exitosamente.
2024-08-04 06:34:39,715 - INFO - Conexión obtenida exitosamente del pool.
2024-08-04 06:35:05,086 - INFO - Pool de conexiones creado exitosamente.
2024-08-04 06:35:05,088 - INFO - Conexión obtenida exitosamente del pool.
2024-08-04 06:35:08,183 - INFO - Conexión obtenida exitosamente del pool.
2024-08-04 06:35:08,199 - INFO - Punto de venta 19 cerrado exitosamente.
2024-08-04 06:35:10,574 - INFO - Conexión obtenida exitosamente del pool.
2024-08-04 06:35:10,576 - INFO - Punto de venta 17 cerrado exitosamente.
2024-08-04 06:36:10,395 - INFO - Pool de conexiones creado exitosamente.
2024-08-04 06:36:10,470 - INFO - Consulta de puntos de venta exitosa.
2024-08-04 06:38:13,466 - INFO - Pool de conexiones creado exitosamente.
2024-08-04 06:38:13,468 - INFO - Conexión obtenida exitosamente del pool.
2024-08-04 06:38:42,417 - INFO - Pool de conexiones creado exitosamente.
2024-08-04 06:38:42,419 - INFO - Conexión obtenida exitosamente del pool.
2024-08-04 06:40:03,753 - INFO - Pool de conexiones creado exitosamente.
2024-08-04 06:40:03,753 - INFO - Conexión obtenida exitosamente del pool.
2024-08-04 06:40:06,676 - INFO - Conexión obtenida exitosamente del pool.
2024-08-04 06:40:06,676 - INFO - Punto de venta 18 cerrado exitosamente.
2024-08-04 06:52:23,341 - INFO - Pool de conexiones creado exitosamente.
2024-08-04 06:52:23,414 - INFO - Consulta de puntos de venta exitosa.
2024-08-04 06:52:49,172 - INFO - Pool de conexiones creado exitosamente.
2024-08-04 06:53:12,988 - INFO - Pool de conexiones creado exitosamente.
2024-08-04 06:53:13,059 - INFO - Consulta de puntos de venta exitosa.
2024-08-04 06:53:13,059 - INFO - Conexión obtenida exitosamente del pool.
2024-08-04 06:53:13,061 - INFO - Conexión obtenida exitosamente del pool.
