2024-09-16 00:26:18,467 - DEBUG - Init schema document for None
2024-09-16 00:26:18,467 - DEBUG - register_type('{http://www.w3.org/2001/XMLSchema}string', <zeep.xsd.types.builtins.String object at 0x000001F12564E3C0>)
2024-09-16 00:26:18,467 - DEBUG - register_type('{http://www.w3.org/2001/XMLSchema}boolean', <zeep.xsd.types.builtins.Boolean object at 0x000001F12375BF80>)
2024-09-16 00:26:18,467 - DEBUG - register_type('{http://www.w3.org/2001/XMLSchema}decimal', <zeep.xsd.types.builtins.Decimal object at 0x000001F1258A08F0>)
2024-09-16 00:26:18,467 - DEBUG - register_type('{http://www.w3.org/2001/XMLSchema}float', <zeep.xsd.types.builtins.Float object at 0x000001F1258A0260>)
2024-09-16 00:26:18,467 - DEBUG - register_type('{http://www.w3.org/2001/XMLSchema}double', <zeep.xsd.types.builtins.Double object at 0x000001F1258A07A0>)
2024-09-16 00:26:18,467 - DEBUG - register_type('{http://www.w3.org/2001/XMLSchema}duration', <zeep.xsd.types.builtins.Duration object at 0x000001F1258A0D40>)
2024-09-16 00:26:18,467 - DEBUG - register_type('{http://www.w3.org/2001/XMLSchema}dateTime', <zeep.xsd.types.builtins.DateTime object at 0x000001F1258A0DD0>)
2024-09-16 00:26:18,467 - DEBUG - register_type('{http://www.w3.org/2001/XMLSchema}time', <zeep.xsd.types.builtins.Time object at 0x000001F1258A0E30>)
2024-09-16 00:26:18,467 - DEBUG - register_type('{http://www.w3.org/2001/XMLSchema}date', <zeep.xsd.types.builtins.Date object at 0x000001F1258A0200>)
2024-09-16 00:26:18,467 - DEBUG - register_type('{http://www.w3.org/2001/XMLSchema}gYearMonth', <zeep.xsd.types.builtins.gYearMonth object at 0x000001F1258A0EF0>)
2024-09-16 00:26:18,467 - DEBUG - register_type('{http://www.w3.org/2001/XMLSchema}gYear', <zeep.xsd.types.builtins.gYear object at 0x000001F1258A0F50>)
2024-09-16 00:26:18,467 - DEBUG - register_type('{http://www.w3.org/2001/XMLSchema}gMonthDay', <zeep.xsd.types.builtins.gMonthDay object at 0x000001F1258A0FB0>)
2024-09-16 00:26:18,467 - DEBUG - register_type('{http://www.w3.org/2001/XMLSchema}gDay', <zeep.xsd.types.builtins.gDay object at 0x000001F1258A1040>)
2024-09-16 00:26:18,467 - DEBUG - register_type('{http://www.w3.org/2001/XMLSchema}gMonth', <zeep.xsd.types.builtins.gMonth object at 0x000001F1258A10A0>)
2024-09-16 00:26:18,467 - DEBUG - register_type('{http://www.w3.org/2001/XMLSchema}hexBinary', <zeep.xsd.types.builtins.HexBinary object at 0x000001F1258A01D0>)
2024-09-16 00:26:18,467 - DEBUG - register_type('{http://www.w3.org/2001/XMLSchema}base64Binary', <zeep.xsd.types.builtins.Base64Binary object at 0x000001F1258A1160>)
2024-09-16 00:26:18,467 - DEBUG - register_type('{http://www.w3.org/2001/XMLSchema}anyURI', <zeep.xsd.types.builtins.AnyURI object at 0x000001F1258A11C0>)
2024-09-16 00:26:18,467 - DEBUG - register_type('{http://www.w3.org/2001/XMLSchema}QName', <zeep.xsd.types.builtins.QName object at 0x000001F1258A1220>)
2024-09-16 00:26:18,467 - DEBUG - register_type('{http://www.w3.org/2001/XMLSchema}NOTATION', <zeep.xsd.types.builtins.Notation object at 0x000001F1258A12B0>)
2024-09-16 00:26:18,467 - DEBUG - register_type('{http://www.w3.org/2001/XMLSchema}normalizedString', <zeep.xsd.types.builtins.NormalizedString object at 0x000001F1258A1340>)
2024-09-16 00:26:18,467 - DEBUG - register_type('{http://www.w3.org/2001/XMLSchema}token', <zeep.xsd.types.builtins.Token object at 0x000001F1258A01A0>)
2024-09-16 00:26:18,467 - DEBUG - register_type('{http://www.w3.org/2001/XMLSchema}language', <zeep.xsd.types.builtins.Language object at 0x000001F1258A13D0>)
2024-09-16 00:26:18,467 - DEBUG - register_type('{http://www.w3.org/2001/XMLSchema}NMTOKEN', <zeep.xsd.types.builtins.NmToken object at 0x000001F1258A1460>)
2024-09-16 00:26:18,475 - DEBUG - register_type('{http://www.w3.org/2001/XMLSchema}NMTOKENS', <zeep.xsd.types.builtins.NmTokens object at 0x000001F1258A14C0>)
2024-09-16 00:26:18,475 - DEBUG - register_type('{http://www.w3.org/2001/XMLSchema}Name', <zeep.xsd.types.builtins.Name object at 0x000001F1258A1550>)
2024-09-16 00:26:18,475 - DEBUG - register_type('{http://www.w3.org/2001/XMLSchema}NCName', <zeep.xsd.types.builtins.NCName object at 0x000001F1258A15B0>)
2024-09-16 00:26:18,475 - DEBUG - register_type('{http://www.w3.org/2001/XMLSchema}ID', <zeep.xsd.types.builtins.ID object at 0x000001F1258A0170>)
2024-09-16 00:26:18,475 - DEBUG - register_type('{http://www.w3.org/2001/XMLSchema}IDREF', <zeep.xsd.types.builtins.IDREF object at 0x000001F1258A16A0>)
2024-09-16 00:26:18,475 - DEBUG - register_type('{http://www.w3.org/2001/XMLSchema}IDREFS', <zeep.xsd.types.builtins.IDREFS object at 0x000001F1258A1730>)
2024-09-16 00:26:18,475 - DEBUG - register_type('{http://www.w3.org/2001/XMLSchema}ENTITY', <zeep.xsd.types.builtins.Entity object at 0x000001F1258A17C0>)
2024-09-16 00:26:18,475 - DEBUG - register_type('{http://www.w3.org/2001/XMLSchema}ENTITIES', <zeep.xsd.types.builtins.Entities object at 0x000001F1258A1850>)
2024-09-16 00:26:18,475 - DEBUG - register_type('{http://www.w3.org/2001/XMLSchema}integer', <zeep.xsd.types.builtins.Integer object at 0x000001F1258A18E0>)
2024-09-16 00:26:18,475 - DEBUG - register_type('{http://www.w3.org/2001/XMLSchema}nonPositiveInteger', <zeep.xsd.types.builtins.NonPositiveInteger object at 0x000001F1258A0140>)
2024-09-16 00:26:18,475 - DEBUG - register_type('{http://www.w3.org/2001/XMLSchema}negativeInteger', <zeep.xsd.types.builtins.NegativeInteger object at 0x000001F1258A19A0>)
2024-09-16 00:26:18,475 - DEBUG - register_type('{http://www.w3.org/2001/XMLSchema}long', <zeep.xsd.types.builtins.Long object at 0x000001F1258A1A00>)
2024-09-16 00:26:18,475 - DEBUG - register_type('{http://www.w3.org/2001/XMLSchema}int', <zeep.xsd.types.builtins.Int object at 0x000001F1258A1A60>)
2024-09-16 00:26:18,475 - DEBUG - register_type('{http://www.w3.org/2001/XMLSchema}short', <zeep.xsd.types.builtins.Short object at 0x000001F1258A1AF0>)
2024-09-16 00:26:18,475 - DEBUG - register_type('{http://www.w3.org/2001/XMLSchema}byte', <zeep.xsd.types.builtins.Byte object at 0x000001F1258A1B80>)
2024-09-16 00:26:18,475 - DEBUG - register_type('{http://www.w3.org/2001/XMLSchema}nonNegativeInteger', <zeep.xsd.types.builtins.NonNegativeInteger object at 0x000001F1258A1C10>)
2024-09-16 00:26:18,475 - DEBUG - register_type('{http://www.w3.org/2001/XMLSchema}unsignedByte', <zeep.xsd.types.builtins.UnsignedByte object at 0x000001F1258A1CA0>)
2024-09-16 00:26:18,475 - DEBUG - register_type('{http://www.w3.org/2001/XMLSchema}unsignedInt', <zeep.xsd.types.builtins.UnsignedInt object at 0x000001F1258A1D00>)
2024-09-16 00:26:18,475 - DEBUG - register_type('{http://www.w3.org/2001/XMLSchema}unsignedLong', <zeep.xsd.types.builtins.UnsignedLong object at 0x000001F1258A1D60>)
2024-09-16 00:26:18,475 - DEBUG - register_type('{http://www.w3.org/2001/XMLSchema}unsignedShort', <zeep.xsd.types.builtins.UnsignedShort object at 0x000001F1258A1DC0>)
2024-09-16 00:26:18,475 - DEBUG - register_type('{http://www.w3.org/2001/XMLSchema}positiveInteger', <zeep.xsd.types.builtins.PositiveInteger object at 0x000001F1258A1E20>)
2024-09-16 00:26:18,475 - DEBUG - register_type('{http://www.w3.org/2001/XMLSchema}anyType', <zeep.xsd.types.any.AnyType object at 0x000001F1258A1E80>)
2024-09-16 00:26:18,475 - DEBUG - register_type('{http://www.w3.org/2001/XMLSchema}anySimpleType', <zeep.xsd.types.simple.AnySimpleType object at 0x000001F1258A1EB0>)
2024-09-16 00:26:18,475 - DEBUG - register_element('{http://www.w3.org/2001/XMLSchema}schema', <zeep.xsd.elements.builtins.Schema object at 0x000001F1258A1F10>)
2024-09-16 00:26:18,475 - DEBUG - Add document with tns http://www.w3.org/2001/XMLSchema to schema 2135228550320
2024-09-16 00:26:18,475 - DEBUG - Loading remote data from: https://pilotosiatservicios.impuestos.gob.bo/v2/FacturacionSincronizacion?wsdl
2024-09-16 00:26:18,475 - DEBUG - Starting new HTTPS connection (1): pilotosiatservicios.impuestos.gob.bo:443
2024-09-16 00:26:19,022 - DEBUG - https://pilotosiatservicios.impuestos.gob.bo:443 "GET /v2/FacturacionSincronizacion?wsdl HTTP/1.1" 200 None
2024-09-16 00:26:19,022 - DEBUG - Creating definition for https://pilotosiatservicios.impuestos.gob.bo/v2/FacturacionSincronizacion?wsdl
2024-09-16 00:26:19,022 - DEBUG - Loading remote data from: https://pilotosiatservicios.impuestos.gob.bo/v2/FacturacionSincronizacion?wsdl=ServicioFacturacionSincronizacion.wsdl
2024-09-16 00:26:19,042 - DEBUG - https://pilotosiatservicios.impuestos.gob.bo:443 "GET /v2/FacturacionSincronizacion?wsdl=ServicioFacturacionSincronizacion.wsdl HTTP/1.1" 200 None
2024-09-16 00:26:19,052 - DEBUG - Creating definition for https://pilotosiatservicios.impuestos.gob.bo/v2/FacturacionSincronizacion?wsdl=ServicioFacturacionSincronizacion.wsdl
2024-09-16 00:26:19,052 - DEBUG - Init schema document for 'https://pilotosiatservicios.impuestos.gob.bo/v2/FacturacionSincronizacion?wsdl=ServicioFacturacionSincronizacion.wsdl'
2024-09-16 00:26:19,052 - DEBUG - Add document with tns https://siat.impuestos.gob.bo/ to schema 2135228550320
2024-09-16 00:26:19,052 - DEBUG - register_element('{https://siat.impuestos.gob.bo/}sincronizarActividades', <Element(name='sincronizarActividades', type=<UnresolvedType(qname='{https://siat.impuestos.gob.bo/}sincronizarActividades')>)>)
2024-09-16 00:26:19,052 - DEBUG - register_element('{https://siat.impuestos.gob.bo/}sincronizarActividadesResponse', <Element(name='sincronizarActividadesResponse', type=<UnresolvedType(qname='{https://siat.impuestos.gob.bo/}sincronizarActividadesResponse')>)>)
2024-09-16 00:26:19,052 - DEBUG - register_element('{https://siat.impuestos.gob.bo/}sincronizarFechaHora', <Element(name='sincronizarFechaHora', type=<UnresolvedType(qname='{https://siat.impuestos.gob.bo/}sincronizarFechaHora')>)>)
2024-09-16 00:26:19,052 - DEBUG - register_element('{https://siat.impuestos.gob.bo/}sincronizarFechaHoraResponse', <Element(name='sincronizarFechaHoraResponse', type=<UnresolvedType(qname='{https://siat.impuestos.gob.bo/}sincronizarFechaHoraResponse')>)>)
2024-09-16 00:26:19,052 - DEBUG - register_element('{https://siat.impuestos.gob.bo/}sincronizarListaActividadesDocumentoSector', <Element(name='sincronizarListaActividadesDocumentoSector', type=<UnresolvedType(qname='{https://siat.impuestos.gob.bo/}sincronizarListaActividadesDocumentoSector')>)>)
2024-09-16 00:26:19,060 - DEBUG - register_element('{https://siat.impuestos.gob.bo/}sincronizarListaActividadesDocumentoSectorResponse', <Element(name='sincronizarListaActividadesDocumentoSectorResponse', type=<UnresolvedType(qname='{https://siat.impuestos.gob.bo/}sincronizarListaActividadesDocumentoSectorResponse')>)>)
2024-09-16 00:26:19,060 - DEBUG - register_element('{https://siat.impuestos.gob.bo/}sincronizarListaLeyendasFactura', <Element(name='sincronizarListaLeyendasFactura', type=<UnresolvedType(qname='{https://siat.impuestos.gob.bo/}sincronizarListaLeyendasFactura')>)>)
2024-09-16 00:26:19,060 - DEBUG - register_element('{https://siat.impuestos.gob.bo/}sincronizarListaLeyendasFacturaResponse', <Element(name='sincronizarListaLeyendasFacturaResponse', type=<UnresolvedType(qname='{https://siat.impuestos.gob.bo/}sincronizarListaLeyendasFacturaResponse')>)>)
2024-09-16 00:26:19,060 - DEBUG - register_element('{https://siat.impuestos.gob.bo/}sincronizarListaMensajesServicios', <Element(name='sincronizarListaMensajesServicios', type=<UnresolvedType(qname='{https://siat.impuestos.gob.bo/}sincronizarListaMensajesServicios')>)>)
2024-09-16 00:26:19,060 - DEBUG - register_element('{https://siat.impuestos.gob.bo/}sincronizarListaMensajesServiciosResponse', <Element(name='sincronizarListaMensajesServiciosResponse', type=<UnresolvedType(qname='{https://siat.impuestos.gob.bo/}sincronizarListaMensajesServiciosResponse')>)>)
2024-09-16 00:26:19,060 - DEBUG - register_element('{https://siat.impuestos.gob.bo/}sincronizarListaProductosServicios', <Element(name='sincronizarListaProductosServicios', type=<UnresolvedType(qname='{https://siat.impuestos.gob.bo/}sincronizarListaProductosServicios')>)>)
2024-09-16 00:26:19,060 - DEBUG - register_element('{https://siat.impuestos.gob.bo/}sincronizarListaProductosServiciosResponse', <Element(name='sincronizarListaProductosServiciosResponse', type=<UnresolvedType(qname='{https://siat.impuestos.gob.bo/}sincronizarListaProductosServiciosResponse')>)>)
2024-09-16 00:26:19,060 - DEBUG - register_element('{https://siat.impuestos.gob.bo/}sincronizarParametricaEventosSignificativos', <Element(name='sincronizarParametricaEventosSignificativos', type=<UnresolvedType(qname='{https://siat.impuestos.gob.bo/}sincronizarParametricaEventosSignificativos')>)>)
2024-09-16 00:26:19,060 - DEBUG - register_element('{https://siat.impuestos.gob.bo/}sincronizarParametricaEventosSignificativosResponse', <Element(name='sincronizarParametricaEventosSignificativosResponse', type=<UnresolvedType(qname='{https://siat.impuestos.gob.bo/}sincronizarParametricaEventosSignificativosResponse')>)>)
2024-09-16 00:26:19,060 - DEBUG - register_element('{https://siat.impuestos.gob.bo/}sincronizarParametricaMotivoAnulacion', <Element(name='sincronizarParametricaMotivoAnulacion', type=<UnresolvedType(qname='{https://siat.impuestos.gob.bo/}sincronizarParametricaMotivoAnulacion')>)>)
2024-09-16 00:26:19,060 - DEBUG - register_element('{https://siat.impuestos.gob.bo/}sincronizarParametricaMotivoAnulacionResponse', <Element(name='sincronizarParametricaMotivoAnulacionResponse', type=<UnresolvedType(qname='{https://siat.impuestos.gob.bo/}sincronizarParametricaMotivoAnulacionResponse')>)>)
2024-09-16 00:26:19,060 - DEBUG - register_element('{https://siat.impuestos.gob.bo/}sincronizarParametricaPaisOrigen', <Element(name='sincronizarParametricaPaisOrigen', type=<UnresolvedType(qname='{https://siat.impuestos.gob.bo/}sincronizarParametricaPaisOrigen')>)>)
2024-09-16 00:26:19,060 - DEBUG - register_element('{https://siat.impuestos.gob.bo/}sincronizarParametricaPaisOrigenResponse', <Element(name='sincronizarParametricaPaisOrigenResponse', type=<UnresolvedType(qname='{https://siat.impuestos.gob.bo/}sincronizarParametricaPaisOrigenResponse')>)>)
2024-09-16 00:26:19,060 - DEBUG - register_element('{https://siat.impuestos.gob.bo/}sincronizarParametricaTipoDocumentoIdentidad', <Element(name='sincronizarParametricaTipoDocumentoIdentidad', type=<UnresolvedType(qname='{https://siat.impuestos.gob.bo/}sincronizarParametricaTipoDocumentoIdentidad')>)>)
2024-09-16 00:26:19,060 - DEBUG - register_element('{https://siat.impuestos.gob.bo/}sincronizarParametricaTipoDocumentoIdentidadResponse', <Element(name='sincronizarParametricaTipoDocumentoIdentidadResponse', type=<UnresolvedType(qname='{https://siat.impuestos.gob.bo/}sincronizarParametricaTipoDocumentoIdentidadResponse')>)>)
2024-09-16 00:26:19,060 - DEBUG - register_element('{https://siat.impuestos.gob.bo/}sincronizarParametricaTipoDocumentoSector', <Element(name='sincronizarParametricaTipoDocumentoSector', type=<UnresolvedType(qname='{https://siat.impuestos.gob.bo/}sincronizarParametricaTipoDocumentoSector')>)>)
2024-09-16 00:26:19,060 - DEBUG - register_element('{https://siat.impuestos.gob.bo/}sincronizarParametricaTipoDocumentoSectorResponse', <Element(name='sincronizarParametricaTipoDocumentoSectorResponse', type=<UnresolvedType(qname='{https://siat.impuestos.gob.bo/}sincronizarParametricaTipoDocumentoSectorResponse')>)>)
2024-09-16 00:26:19,060 - DEBUG - register_element('{https://siat.impuestos.gob.bo/}sincronizarParametricaTipoEmision', <Element(name='sincronizarParametricaTipoEmision', type=<UnresolvedType(qname='{https://siat.impuestos.gob.bo/}sincronizarParametricaTipoEmision')>)>)
2024-09-16 00:26:19,060 - DEBUG - register_element('{https://siat.impuestos.gob.bo/}sincronizarParametricaTipoEmisionResponse', <Element(name='sincronizarParametricaTipoEmisionResponse', type=<UnresolvedType(qname='{https://siat.impuestos.gob.bo/}sincronizarParametricaTipoEmisionResponse')>)>)
2024-09-16 00:26:19,062 - DEBUG - register_element('{https://siat.impuestos.gob.bo/}sincronizarParametricaTipoHabitacion', <Element(name='sincronizarParametricaTipoHabitacion', type=<UnresolvedType(qname='{https://siat.impuestos.gob.bo/}sincronizarParametricaTipoHabitacion')>)>)
2024-09-16 00:26:19,062 - DEBUG - register_element('{https://siat.impuestos.gob.bo/}sincronizarParametricaTipoHabitacionResponse', <Element(name='sincronizarParametricaTipoHabitacionResponse', type=<UnresolvedType(qname='{https://siat.impuestos.gob.bo/}sincronizarParametricaTipoHabitacionResponse')>)>)
2024-09-16 00:26:19,062 - DEBUG - register_element('{https://siat.impuestos.gob.bo/}sincronizarParametricaTipoMetodoPago', <Element(name='sincronizarParametricaTipoMetodoPago', type=<UnresolvedType(qname='{https://siat.impuestos.gob.bo/}sincronizarParametricaTipoMetodoPago')>)>)
2024-09-16 00:26:19,062 - DEBUG - register_element('{https://siat.impuestos.gob.bo/}sincronizarParametricaTipoMetodoPagoResponse', <Element(name='sincronizarParametricaTipoMetodoPagoResponse', type=<UnresolvedType(qname='{https://siat.impuestos.gob.bo/}sincronizarParametricaTipoMetodoPagoResponse')>)>)
2024-09-16 00:26:19,062 - DEBUG - register_element('{https://siat.impuestos.gob.bo/}sincronizarParametricaTipoMoneda', <Element(name='sincronizarParametricaTipoMoneda', type=<UnresolvedType(qname='{https://siat.impuestos.gob.bo/}sincronizarParametricaTipoMoneda')>)>)
2024-09-16 00:26:19,062 - DEBUG - register_element('{https://siat.impuestos.gob.bo/}sincronizarParametricaTipoMonedaResponse', <Element(name='sincronizarParametricaTipoMonedaResponse', type=<UnresolvedType(qname='{https://siat.impuestos.gob.bo/}sincronizarParametricaTipoMonedaResponse')>)>)
2024-09-16 00:26:19,062 - DEBUG - register_element('{https://siat.impuestos.gob.bo/}sincronizarParametricaTipoPuntoVenta', <Element(name='sincronizarParametricaTipoPuntoVenta', type=<UnresolvedType(qname='{https://siat.impuestos.gob.bo/}sincronizarParametricaTipoPuntoVenta')>)>)
2024-09-16 00:26:19,062 - DEBUG - register_element('{https://siat.impuestos.gob.bo/}sincronizarParametricaTipoPuntoVentaResponse', <Element(name='sincronizarParametricaTipoPuntoVentaResponse', type=<UnresolvedType(qname='{https://siat.impuestos.gob.bo/}sincronizarParametricaTipoPuntoVentaResponse')>)>)
2024-09-16 00:26:19,062 - DEBUG - register_element('{https://siat.impuestos.gob.bo/}sincronizarParametricaTiposFactura', <Element(name='sincronizarParametricaTiposFactura', type=<UnresolvedType(qname='{https://siat.impuestos.gob.bo/}sincronizarParametricaTiposFactura')>)>)
2024-09-16 00:26:19,062 - DEBUG - register_element('{https://siat.impuestos.gob.bo/}sincronizarParametricaTiposFacturaResponse', <Element(name='sincronizarParametricaTiposFacturaResponse', type=<UnresolvedType(qname='{https://siat.impuestos.gob.bo/}sincronizarParametricaTiposFacturaResponse')>)>)
2024-09-16 00:26:19,062 - DEBUG - register_element('{https://siat.impuestos.gob.bo/}sincronizarParametricaUnidadMedida', <Element(name='sincronizarParametricaUnidadMedida', type=<UnresolvedType(qname='{https://siat.impuestos.gob.bo/}sincronizarParametricaUnidadMedida')>)>)
2024-09-16 00:26:19,062 - DEBUG - register_element('{https://siat.impuestos.gob.bo/}sincronizarParametricaUnidadMedidaResponse', <Element(name='sincronizarParametricaUnidadMedidaResponse', type=<UnresolvedType(qname='{https://siat.impuestos.gob.bo/}sincronizarParametricaUnidadMedidaResponse')>)>)
2024-09-16 00:26:19,062 - DEBUG - register_element('{https://siat.impuestos.gob.bo/}verificarComunicacion', <Element(name='verificarComunicacion', type=<UnresolvedType(qname='{https://siat.impuestos.gob.bo/}verificarComunicacion')>)>)
2024-09-16 00:26:19,062 - DEBUG - register_element('{https://siat.impuestos.gob.bo/}verificarComunicacionResponse', <Element(name='verificarComunicacionResponse', type=<UnresolvedType(qname='{https://siat.impuestos.gob.bo/}verificarComunicacionResponse')>)>)
2024-09-16 00:26:19,062 - DEBUG - register_type('{https://siat.impuestos.gob.bo/}sincronizarParametricaMotivoAnulacion', <zeep.xsd.dynamic_types.sincronizarParametricaMotivoAnulacion object at 0x000001F1258CC7A0>)
2024-09-16 00:26:19,062 - DEBUG - register_type('{https://siat.impuestos.gob.bo/}solicitudSincronizacion', <zeep.xsd.dynamic_types.solicitudSincronizacion object at 0x000001F1258CC770>)
2024-09-16 00:26:19,062 - DEBUG - register_type('{https://siat.impuestos.gob.bo/}sincronizarParametricaMotivoAnulacionResponse', <zeep.xsd.dynamic_types.sincronizarParametricaMotivoAnulacionResponse object at 0x000001F1258CCEC0>)
2024-09-16 00:26:19,062 - DEBUG - register_type('{https://siat.impuestos.gob.bo/}respuestaListaParametricas', <zeep.xsd.dynamic_types.respuestaListaParametricas object at 0x000001F1258CCFE0>)
2024-09-16 00:26:19,062 - DEBUG - register_type('{https://siat.impuestos.gob.bo/}respuestaConfiguracion', <zeep.xsd.dynamic_types.respuestaConfiguracion object at 0x000001F1258CD1F0>)
2024-09-16 00:26:19,062 - DEBUG - register_type('{https://siat.impuestos.gob.bo/}modelDto', <zeep.xsd.dynamic_types.modelDto object at 0x000001F1258CD430>)
2024-09-16 00:26:19,062 - DEBUG - register_type('{https://siat.impuestos.gob.bo/}model', <zeep.xsd.dynamic_types.model object at 0x000001F1258CD4F0>)
2024-09-16 00:26:19,062 - DEBUG - register_type('{https://siat.impuestos.gob.bo/}parametricasDto', <zeep.xsd.dynamic_types.parametricasDto object at 0x000001F1258CD580>)
2024-09-16 00:26:19,062 - DEBUG - register_type('{https://siat.impuestos.gob.bo/}mensajeServicio', <zeep.xsd.dynamic_types.mensajeServicio object at 0x000001F1258CD040>)
2024-09-16 00:26:19,062 - DEBUG - register_type('{https://siat.impuestos.gob.bo/}sincronizarActividades', <zeep.xsd.dynamic_types.sincronizarActividades object at 0x000001F1258CD910>)
2024-09-16 00:26:19,062 - DEBUG - register_type('{https://siat.impuestos.gob.bo/}sincronizarActividadesResponse', <zeep.xsd.dynamic_types.sincronizarActividadesResponse object at 0x000001F1258CDA60>)
2024-09-16 00:26:19,062 - DEBUG - register_type('{https://siat.impuestos.gob.bo/}respuestaListaActividades', <zeep.xsd.dynamic_types.respuestaListaActividades object at 0x000001F1258CDD90>)
2024-09-16 00:26:19,062 - DEBUG - register_type('{https://siat.impuestos.gob.bo/}actividadesDto', <zeep.xsd.dynamic_types.actividadesDto object at 0x000001F1258CDC40>)
2024-09-16 00:26:19,062 - DEBUG - register_type('{https://siat.impuestos.gob.bo/}sincronizarFechaHora', <zeep.xsd.dynamic_types.sincronizarFechaHora object at 0x000001F1258CDF70>)
2024-09-16 00:26:19,062 - DEBUG - register_type('{https://siat.impuestos.gob.bo/}sincronizarFechaHoraResponse', <zeep.xsd.dynamic_types.sincronizarFechaHoraResponse object at 0x000001F1258CE270>)
2024-09-16 00:26:19,062 - DEBUG - register_type('{https://siat.impuestos.gob.bo/}respuestaFechaHora', <zeep.xsd.dynamic_types.respuestaFechaHora object at 0x000001F1258CE540>)
2024-09-16 00:26:19,062 - DEBUG - register_type('{https://siat.impuestos.gob.bo/}sincronizarListaLeyendasFactura', <zeep.xsd.dynamic_types.sincronizarListaLeyendasFactura object at 0x000001F1258CE5D0>)
2024-09-16 00:26:19,062 - DEBUG - register_type('{https://siat.impuestos.gob.bo/}sincronizarListaLeyendasFacturaResponse', <zeep.xsd.dynamic_types.sincronizarListaLeyendasFacturaResponse object at 0x000001F1258CE6F0>)
2024-09-16 00:26:19,062 - DEBUG - register_type('{https://siat.impuestos.gob.bo/}respuestaListaParametricasLeyendas', <zeep.xsd.dynamic_types.respuestaListaParametricasLeyendas object at 0x000001F1258CE9C0>)
2024-09-16 00:26:19,062 - DEBUG - register_type('{https://siat.impuestos.gob.bo/}parametricaLeyendasDto', <zeep.xsd.dynamic_types.parametricaLeyendasDto object at 0x000001F12564FDD0>)
2024-09-16 00:26:19,062 - DEBUG - register_type('{https://siat.impuestos.gob.bo/}sincronizarParametricaTipoHabitacion', <zeep.xsd.dynamic_types.sincronizarParametricaTipoHabitacion object at 0x000001F1258CE8A0>)
2024-09-16 00:26:19,062 - DEBUG - register_type('{https://siat.impuestos.gob.bo/}sincronizarParametricaTipoHabitacionResponse', <zeep.xsd.dynamic_types.sincronizarParametricaTipoHabitacionResponse object at 0x000001F1258CEC90>)
2024-09-16 00:26:19,062 - DEBUG - register_type('{https://siat.impuestos.gob.bo/}sincronizarListaActividadesDocumentoSector', <zeep.xsd.dynamic_types.sincronizarListaActividadesDocumentoSector object at 0x000001F1258CEEA0>)
2024-09-16 00:26:19,062 - DEBUG - register_type('{https://siat.impuestos.gob.bo/}sincronizarListaActividadesDocumentoSectorResponse', <zeep.xsd.dynamic_types.sincronizarListaActividadesDocumentoSectorResponse object at 0x000001F1258CEFC0>)
2024-09-16 00:26:19,062 - DEBUG - register_type('{https://siat.impuestos.gob.bo/}respuestaListaActividadesDocumentoSector', <zeep.xsd.dynamic_types.respuestaListaActividadesDocumentoSector object at 0x000001F1258CF260>)
2024-09-16 00:26:19,062 - DEBUG - register_type('{https://siat.impuestos.gob.bo/}actividadesDocumentoSectorDto', <zeep.xsd.dynamic_types.actividadesDocumentoSectorDto object at 0x000001F1258CF410>)
2024-09-16 00:26:19,062 - DEBUG - register_type('{https://siat.impuestos.gob.bo/}sincronizarParametricaTipoDocumentoIdentidad', <zeep.xsd.dynamic_types.sincronizarParametricaTipoDocumentoIdentidad object at 0x000001F1258CF320>)
2024-09-16 00:26:19,062 - DEBUG - register_type('{https://siat.impuestos.gob.bo/}sincronizarParametricaTipoDocumentoIdentidadResponse', <zeep.xsd.dynamic_types.sincronizarParametricaTipoDocumentoIdentidadResponse object at 0x000001F1258CF7A0>)
2024-09-16 00:26:19,062 - DEBUG - register_type('{https://siat.impuestos.gob.bo/}sincronizarParametricaUnidadMedida', <zeep.xsd.dynamic_types.sincronizarParametricaUnidadMedida object at 0x000001F1258CF8F0>)
2024-09-16 00:26:19,062 - DEBUG - register_type('{https://siat.impuestos.gob.bo/}sincronizarParametricaUnidadMedidaResponse', <zeep.xsd.dynamic_types.sincronizarParametricaUnidadMedidaResponse object at 0x000001F1258CFA10>)
2024-09-16 00:26:19,062 - DEBUG - register_type('{https://siat.impuestos.gob.bo/}sincronizarParametricaTipoDocumentoSector', <zeep.xsd.dynamic_types.sincronizarParametricaTipoDocumentoSector object at 0x000001F1258CFB60>)
2024-09-16 00:26:19,062 - DEBUG - register_type('{https://siat.impuestos.gob.bo/}sincronizarParametricaTipoDocumentoSectorResponse', <zeep.xsd.dynamic_types.sincronizarParametricaTipoDocumentoSectorResponse object at 0x000001F1258CFCB0>)
2024-09-16 00:26:19,062 - DEBUG - register_type('{https://siat.impuestos.gob.bo/}sincronizarParametricaTiposFactura', <zeep.xsd.dynamic_types.sincronizarParametricaTiposFactura object at 0x000001F1258CFE00>)
2024-09-16 00:26:19,062 - DEBUG - register_type('{https://siat.impuestos.gob.bo/}sincronizarParametricaTiposFacturaResponse', <zeep.xsd.dynamic_types.sincronizarParametricaTiposFacturaResponse object at 0x000001F1258CFF50>)
2024-09-16 00:26:19,062 - DEBUG - register_type('{https://siat.impuestos.gob.bo/}verificarComunicacion', <zeep.xsd.dynamic_types.verificarComunicacion object at 0x000001F1258E4080>)
2024-09-16 00:26:19,062 - DEBUG - register_type('{https://siat.impuestos.gob.bo/}verificarComunicacionResponse', <zeep.xsd.dynamic_types.verificarComunicacionResponse object at 0x000001F1258E4230>)
2024-09-16 00:26:19,062 - DEBUG - register_type('{https://siat.impuestos.gob.bo/}respuestaComunicacion', <zeep.xsd.dynamic_types.respuestaComunicacion object at 0x000001F1258E4440>)
2024-09-16 00:26:19,062 - DEBUG - register_type('{https://siat.impuestos.gob.bo/}sincronizarListaMensajesServicios', <zeep.xsd.dynamic_types.sincronizarListaMensajesServicios object at 0x000001F1258E4320>)
2024-09-16 00:26:19,062 - DEBUG - register_type('{https://siat.impuestos.gob.bo/}sincronizarListaMensajesServiciosResponse', <zeep.xsd.dynamic_types.sincronizarListaMensajesServiciosResponse object at 0x000001F1258E46B0>)
2024-09-16 00:26:19,062 - DEBUG - register_type('{https://siat.impuestos.gob.bo/}sincronizarParametricaTipoMetodoPago', <zeep.xsd.dynamic_types.sincronizarParametricaTipoMetodoPago object at 0x000001F1258E4830>)
2024-09-16 00:26:19,062 - DEBUG - register_type('{https://siat.impuestos.gob.bo/}sincronizarParametricaTipoMetodoPagoResponse', <zeep.xsd.dynamic_types.sincronizarParametricaTipoMetodoPagoResponse object at 0x000001F1258E4950>)
2024-09-16 00:26:19,070 - DEBUG - register_type('{https://siat.impuestos.gob.bo/}sincronizarParametricaEventosSignificativos', <zeep.xsd.dynamic_types.sincronizarParametricaEventosSignificativos object at 0x000001F1258E4AA0>)
2024-09-16 00:26:19,070 - DEBUG - register_type('{https://siat.impuestos.gob.bo/}sincronizarParametricaEventosSignificativosResponse', <zeep.xsd.dynamic_types.sincronizarParametricaEventosSignificativosResponse object at 0x000001F1258E4BF0>)
2024-09-16 00:26:19,070 - DEBUG - register_type('{https://siat.impuestos.gob.bo/}sincronizarParametricaTipoPuntoVenta', <zeep.xsd.dynamic_types.sincronizarParametricaTipoPuntoVenta object at 0x000001F1258E4D40>)
2024-09-16 00:26:19,070 - DEBUG - register_type('{https://siat.impuestos.gob.bo/}sincronizarParametricaTipoPuntoVentaResponse', <zeep.xsd.dynamic_types.sincronizarParametricaTipoPuntoVentaResponse object at 0x000001F1258E4E90>)
2024-09-16 00:26:19,070 - DEBUG - register_type('{https://siat.impuestos.gob.bo/}sincronizarListaProductosServicios', <zeep.xsd.dynamic_types.sincronizarListaProductosServicios object at 0x000001F1258E4FE0>)
2024-09-16 00:26:19,070 - DEBUG - register_type('{https://siat.impuestos.gob.bo/}sincronizarListaProductosServiciosResponse', <zeep.xsd.dynamic_types.sincronizarListaProductosServiciosResponse object at 0x000001F1258E5130>)
2024-09-16 00:26:19,070 - DEBUG - register_type('{https://siat.impuestos.gob.bo/}respuestaListaProductos', <zeep.xsd.dynamic_types.respuestaListaProductos object at 0x000001F1258E53D0>)
2024-09-16 00:26:19,070 - DEBUG - register_type('{https://siat.impuestos.gob.bo/}productosDto', <zeep.xsd.dynamic_types.productosDto object at 0x000001F1258E5280>)
2024-09-16 00:26:19,070 - DEBUG - register_type('{https://siat.impuestos.gob.bo/}sincronizarParametricaTipoEmision', <zeep.xsd.dynamic_types.sincronizarParametricaTipoEmision object at 0x000001F1258E58B0>)
2024-09-16 00:26:19,070 - DEBUG - register_type('{https://siat.impuestos.gob.bo/}sincronizarParametricaTipoEmisionResponse', <zeep.xsd.dynamic_types.sincronizarParametricaTipoEmisionResponse object at 0x000001F1258E59D0>)
2024-09-16 00:26:19,070 - DEBUG - register_type('{https://siat.impuestos.gob.bo/}sincronizarParametricaPaisOrigen', <zeep.xsd.dynamic_types.sincronizarParametricaPaisOrigen object at 0x000001F1258E5B20>)
2024-09-16 00:26:19,070 - DEBUG - register_type('{https://siat.impuestos.gob.bo/}sincronizarParametricaPaisOrigenResponse', <zeep.xsd.dynamic_types.sincronizarParametricaPaisOrigenResponse object at 0x000001F1258E5C70>)
2024-09-16 00:26:19,070 - DEBUG - register_type('{https://siat.impuestos.gob.bo/}sincronizarParametricaTipoMoneda', <zeep.xsd.dynamic_types.sincronizarParametricaTipoMoneda object at 0x000001F1258E5DC0>)
2024-09-16 00:26:19,070 - DEBUG - register_type('{https://siat.impuestos.gob.bo/}sincronizarParametricaTipoMonedaResponse', <zeep.xsd.dynamic_types.sincronizarParametricaTipoMonedaResponse object at 0x000001F1258E5F10>)
2024-09-16 00:26:19,070 - DEBUG - Resolving in schema <SchemaDocument(location='https://pilotosiatservicios.impuestos.gob.bo/v2/FacturacionSincronizacion?wsdl=ServicioFacturacionSincronizacion.wsdl', tns='https://siat.impuestos.gob.bo/', is_empty=False)>
2024-09-16 00:26:19,072 - DEBUG - Adding message: {https://siat.impuestos.gob.bo/}sincronizarActividadesResponse
2024-09-16 00:26:19,072 - DEBUG - Adding message: {https://siat.impuestos.gob.bo/}sincronizarParametricaMotivoAnulacion
2024-09-16 00:26:19,072 - DEBUG - Adding message: {https://siat.impuestos.gob.bo/}sincronizarActividades
2024-09-16 00:26:19,072 - DEBUG - Adding message: {https://siat.impuestos.gob.bo/}sincronizarFechaHora
2024-09-16 00:26:19,072 - DEBUG - Adding message: {https://siat.impuestos.gob.bo/}sincronizarListaLeyendasFactura
2024-09-16 00:26:19,072 - DEBUG - Adding message: {https://siat.impuestos.gob.bo/}sincronizarParametricaTipoHabitacion
2024-09-16 00:26:19,072 - DEBUG - Adding message: {https://siat.impuestos.gob.bo/}sincronizarListaActividadesDocumentoSector
2024-09-16 00:26:19,072 - DEBUG - Adding message: {https://siat.impuestos.gob.bo/}sincronizarParametricaPaisOrigenResponse
2024-09-16 00:26:19,072 - DEBUG - Adding message: {https://siat.impuestos.gob.bo/}sincronizarParametricaTipoDocumentoSector
2024-09-16 00:26:19,072 - DEBUG - Adding message: {https://siat.impuestos.gob.bo/}sincronizarParametricaTipoMonedaResponse
2024-09-16 00:26:19,072 - DEBUG - Adding message: {https://siat.impuestos.gob.bo/}sincronizarParametricaTipoMetodoPago
2024-09-16 00:26:19,072 - DEBUG - Adding message: {https://siat.impuestos.gob.bo/}sincronizarParametricaTipoHabitacionResponse
2024-09-16 00:26:19,072 - DEBUG - Adding message: {https://siat.impuestos.gob.bo/}sincronizarParametricaEventosSignificativos
2024-09-16 00:26:19,072 - DEBUG - Adding message: {https://siat.impuestos.gob.bo/}sincronizarListaProductosServicios
2024-09-16 00:26:19,072 - DEBUG - Adding message: {https://siat.impuestos.gob.bo/}sincronizarParametricaTipoEmision
2024-09-16 00:26:19,072 - DEBUG - Adding message: {https://siat.impuestos.gob.bo/}sincronizarListaMensajesServiciosResponse
2024-09-16 00:26:19,072 - DEBUG - Adding message: {https://siat.impuestos.gob.bo/}sincronizarParametricaTipoMetodoPagoResponse
2024-09-16 00:26:19,072 - DEBUG - Adding message: {https://siat.impuestos.gob.bo/}sincronizarParametricaTipoMoneda
2024-09-16 00:26:19,072 - DEBUG - Adding message: {https://siat.impuestos.gob.bo/}sincronizarParametricaTipoDocumentoIdentidadResponse
2024-09-16 00:26:19,072 - DEBUG - Adding message: {https://siat.impuestos.gob.bo/}sincronizarParametricaTipoDocumentoIdentidad
2024-09-16 00:26:19,072 - DEBUG - Adding message: {https://siat.impuestos.gob.bo/}sincronizarParametricaUnidadMedida
2024-09-16 00:26:19,072 - DEBUG - Adding message: {https://siat.impuestos.gob.bo/}sincronizarParametricaUnidadMedidaResponse
2024-09-16 00:26:19,072 - DEBUG - Adding message: {https://siat.impuestos.gob.bo/}sincronizarListaActividadesDocumentoSectorResponse
2024-09-16 00:26:19,072 - DEBUG - Adding message: {https://siat.impuestos.gob.bo/}sincronizarParametricaTipoDocumentoSectorResponse
2024-09-16 00:26:19,072 - DEBUG - Adding message: {https://siat.impuestos.gob.bo/}sincronizarFechaHoraResponse
2024-09-16 00:26:19,072 - DEBUG - Adding message: {https://siat.impuestos.gob.bo/}sincronizarParametricaTiposFactura
2024-09-16 00:26:19,072 - DEBUG - Adding message: {https://siat.impuestos.gob.bo/}verificarComunicacion
2024-09-16 00:26:19,072 - DEBUG - Adding message: {https://siat.impuestos.gob.bo/}verificarComunicacionResponse
2024-09-16 00:26:19,072 - DEBUG - Adding message: {https://siat.impuestos.gob.bo/}sincronizarParametricaTiposFacturaResponse
2024-09-16 00:26:19,072 - DEBUG - Adding message: {https://siat.impuestos.gob.bo/}sincronizarListaMensajesServicios
2024-09-16 00:26:19,072 - DEBUG - Adding message: {https://siat.impuestos.gob.bo/}sincronizarParametricaTipoPuntoVentaResponse
2024-09-16 00:26:19,072 - DEBUG - Adding message: {https://siat.impuestos.gob.bo/}sincronizarParametricaTipoPuntoVenta
2024-09-16 00:26:19,072 - DEBUG - Adding message: {https://siat.impuestos.gob.bo/}sincronizarListaProductosServiciosResponse
2024-09-16 00:26:19,072 - DEBUG - Adding message: {https://siat.impuestos.gob.bo/}sincronizarParametricaPaisOrigen
2024-09-16 00:26:19,072 - DEBUG - Adding message: {https://siat.impuestos.gob.bo/}sincronizarParametricaMotivoAnulacionResponse
2024-09-16 00:26:19,072 - DEBUG - Adding message: {https://siat.impuestos.gob.bo/}sincronizarListaLeyendasFacturaResponse
2024-09-16 00:26:19,072 - DEBUG - Adding message: {https://siat.impuestos.gob.bo/}sincronizarParametricaEventosSignificativosResponse
2024-09-16 00:26:19,072 - DEBUG - Adding message: {https://siat.impuestos.gob.bo/}sincronizarParametricaTipoEmisionResponse
2024-09-16 00:26:19,072 - DEBUG - Adding port: {https://siat.impuestos.gob.bo/}ServicioFacturacionSincronizacion
2024-09-16 00:26:19,100 - DEBUG - Adding binding: {https://siat.impuestos.gob.bo/FacturacionSincronizacion}ServicioFacturacionSincronizacionSoapBinding
2024-09-16 00:26:19,100 - DEBUG - Adding service: ServicioFacturacionSincronizacion
2024-09-16 00:26:26,568 - DEBUG - Starting new HTTPS connection (1): pilotosiatservicios.impuestos.gob.bo:443
2024-09-16 00:26:27,074 - DEBUG - https://pilotosiatservicios.impuestos.gob.bo:443 "POST /v2/FacturacionOperaciones?wsdl HTTP/1.1" 200 367
